//tests/integration/override_targets:additional_deps
@bazel_tools//src/conditions:host_windows
@bazel_tools//src/conditions:host_windows_arm64_constraint
@bazel_tools//src/conditions:host_windows_x64_constraint
@com_google_code_gson_gson_2_10_1//file:file
@com_google_code_gson_gson_2_10_1//file:v1/com/google/code/gson/gson/2.10.1/gson-2.10.1.jar
@io_opentelemetry_opentelemetry_api_1_28_0//file:file
@io_opentelemetry_opentelemetry_api_1_28_0//file:v1/io/opentelemetry/opentelemetry-api/1.28.0/opentelemetry-api-1.28.0.jar
@io_opentelemetry_opentelemetry_api_events_1_28_0_alpha//file:file
@io_opentelemetry_opentelemetry_api_events_1_28_0_alpha//file:v1/io/opentelemetry/opentelemetry-api-events/1.28.0-alpha/opentelemetry-api-events-1.28.0-alpha.jar
@io_opentelemetry_opentelemetry_context_1_28_0//file:file
@io_opentelemetry_opentelemetry_context_1_28_0//file:v1/io/opentelemetry/opentelemetry-context/1.28.0/opentelemetry-context-1.28.0.jar
@io_opentelemetry_opentelemetry_extension_incubator_1_28_0_alpha//file:file
@io_opentelemetry_opentelemetry_extension_incubator_1_28_0_alpha//file:v1/io/opentelemetry/opentelemetry-extension-incubator/1.28.0-alpha/opentelemetry-extension-incubator-1.28.0-alpha.jar
@io_opentelemetry_opentelemetry_sdk_1_28_0//file:file
@io_opentelemetry_opentelemetry_sdk_1_28_0//file:v1/io/opentelemetry/opentelemetry-sdk/1.28.0/opentelemetry-sdk-1.28.0.jar
@io_opentelemetry_opentelemetry_sdk_common_1_28_0//file:file
@io_opentelemetry_opentelemetry_sdk_common_1_28_0//file:v1/io/opentelemetry/opentelemetry-sdk-common/1.28.0/opentelemetry-sdk-common-1.28.0.jar
@io_opentelemetry_opentelemetry_sdk_logs_1_28_0//file:file
@io_opentelemetry_opentelemetry_sdk_logs_1_28_0//file:v1/io/opentelemetry/opentelemetry-sdk-logs/1.28.0/opentelemetry-sdk-logs-1.28.0.jar
@io_opentelemetry_opentelemetry_sdk_metrics_1_28_0//file:file
@io_opentelemetry_opentelemetry_sdk_metrics_1_28_0//file:v1/io/opentelemetry/opentelemetry-sdk-metrics/1.28.0/opentelemetry-sdk-metrics-1.28.0.jar
@io_opentelemetry_opentelemetry_sdk_trace_1_28_0//file:file
@io_opentelemetry_opentelemetry_sdk_trace_1_28_0//file:v1/io/opentelemetry/opentelemetry-sdk-trace/1.28.0/opentelemetry-sdk-trace-1.28.0.jar
@io_opentelemetry_opentelemetry_semconv_1_28_0_alpha//file:file
@io_opentelemetry_opentelemetry_semconv_1_28_0_alpha//file:v1/io/opentelemetry/opentelemetry-semconv/1.28.0-alpha/opentelemetry-semconv-1.28.0-alpha.jar
@org_apache_commons_commons_pool2_2_11_1//file:file
@org_apache_commons_commons_pool2_2_11_1//file:v1/org/apache/commons/commons-pool2/2.11.1/commons-pool2-2.11.1.jar
@org_json_json_20231013//file:file
@org_json_json_20231013//file:v1/org/json/json/20231013/json-20231013.jar
@org_slf4j_slf4j_api_1_7_36//file:file
@org_slf4j_slf4j_api_1_7_36//file:v1/org/slf4j/slf4j-api/1.7.36/slf4j-api-1.7.36.jar
@override_target_in_deps//:com/google/code/gson/gson/2.10.1/gson-2.10.1.jar
@override_target_in_deps//:com_google_code_gson_gson
@override_target_in_deps//:com_google_code_gson_gson_2_10_1_extension
@override_target_in_deps//:io/opentelemetry/opentelemetry-api-events/1.28.0-alpha/opentelemetry-api-events-1.28.0-alpha.jar
@override_target_in_deps//:io/opentelemetry/opentelemetry-api/1.28.0/opentelemetry-api-1.28.0.jar
@override_target_in_deps//:io/opentelemetry/opentelemetry-context/1.28.0/opentelemetry-context-1.28.0.jar
@override_target_in_deps//:io/opentelemetry/opentelemetry-extension-incubator/1.28.0-alpha/opentelemetry-extension-incubator-1.28.0-alpha.jar
@override_target_in_deps//:io/opentelemetry/opentelemetry-sdk-common/1.28.0/opentelemetry-sdk-common-1.28.0.jar
@override_target_in_deps//:io/opentelemetry/opentelemetry-sdk-logs/1.28.0/opentelemetry-sdk-logs-1.28.0.jar
@override_target_in_deps//:io/opentelemetry/opentelemetry-sdk-metrics/1.28.0/opentelemetry-sdk-metrics-1.28.0.jar
@override_target_in_deps//:io/opentelemetry/opentelemetry-sdk-trace/1.28.0/opentelemetry-sdk-trace-1.28.0.jar
@override_target_in_deps//:io/opentelemetry/opentelemetry-sdk/1.28.0/opentelemetry-sdk-1.28.0.jar
@override_target_in_deps//:io/opentelemetry/opentelemetry-semconv/1.28.0-alpha/opentelemetry-semconv-1.28.0-alpha.jar
@override_target_in_deps//:io_opentelemetry_opentelemetry_api_1_28_0_extension
@override_target_in_deps//:io_opentelemetry_opentelemetry_api_events
@override_target_in_deps//:io_opentelemetry_opentelemetry_api_events_1_28_0_alpha_extension
@override_target_in_deps//:io_opentelemetry_opentelemetry_context
@override_target_in_deps//:io_opentelemetry_opentelemetry_context_1_28_0_extension
@override_target_in_deps//:io_opentelemetry_opentelemetry_extension_incubator
@override_target_in_deps//:io_opentelemetry_opentelemetry_extension_incubator_1_28_0_alpha_extension
@override_target_in_deps//:io_opentelemetry_opentelemetry_sdk
@override_target_in_deps//:io_opentelemetry_opentelemetry_sdk_1_28_0_extension
@override_target_in_deps//:io_opentelemetry_opentelemetry_sdk_common
@override_target_in_deps//:io_opentelemetry_opentelemetry_sdk_common_1_28_0_extension
@override_target_in_deps//:io_opentelemetry_opentelemetry_sdk_logs
@override_target_in_deps//:io_opentelemetry_opentelemetry_sdk_logs_1_28_0_extension
@override_target_in_deps//:io_opentelemetry_opentelemetry_sdk_metrics
@override_target_in_deps//:io_opentelemetry_opentelemetry_sdk_metrics_1_28_0_extension
@override_target_in_deps//:io_opentelemetry_opentelemetry_sdk_trace
@override_target_in_deps//:io_opentelemetry_opentelemetry_sdk_trace_1_28_0_extension
@override_target_in_deps//:io_opentelemetry_opentelemetry_semconv
@override_target_in_deps//:io_opentelemetry_opentelemetry_semconv_1_28_0_alpha_extension
@override_target_in_deps//:org/apache/commons/commons-pool2/2.11.1/commons-pool2-2.11.1.jar
@override_target_in_deps//:org/json/json/20231013/json-20231013.jar
@override_target_in_deps//:org/slf4j/slf4j-api/1.7.36/slf4j-api-1.7.36.jar
@override_target_in_deps//:org_apache_commons_commons_pool2
@override_target_in_deps//:org_apache_commons_commons_pool2_2_11_1_extension
@override_target_in_deps//:org_json_json
@override_target_in_deps//:org_json_json_20231013_extension
@override_target_in_deps//:org_slf4j_slf4j_api
@override_target_in_deps//:org_slf4j_slf4j_api_1_7_36_extension
@override_target_in_deps//:original_io_opentelemetry_opentelemetry_api
@override_target_in_deps//:redis/clients/jedis/5.0.2/jedis-5.0.2.jar
@override_target_in_deps//:redis_clients_jedis
@override_target_in_deps//:redis_clients_jedis_5_0_2_extension
@redis_clients_jedis_5_0_2//file:file
@redis_clients_jedis_5_0_2//file:v1/redis/clients/jedis/5.0.2/jedis-5.0.2.jar
